
===========================================================================
 report_power
============================================================================
======================= nom_ff_n40C_1v95 Corner ===================================

Group                    Internal    Switching      Leakage        Total
                            Power        Power        Power        Power (Watts)
------------------------------------------------------------------------
Sequential           1.801691e-04 9.685432e-05 2.293848e-09 2.770257e-04  11.2%
Combinational        1.244059e-03 9.489917e-04 1.985789e-08 2.193071e-03  88.8%
Clock                0.000000e+00 0.000000e+00 0.000000e+00 0.000000e+00   0.0%
Macro                0.000000e+00 0.000000e+00 0.000000e+00 0.000000e+00   0.0%
Pad                  0.000000e+00 0.000000e+00 0.000000e+00 0.000000e+00   0.0%
------------------------------------------------------------------------
Total                1.424228e-03 1.045847e-03 2.215173e-08 2.470097e-03 100.0%
                            57.7%        42.3%         0.0%

