
===========================================================================
 report_power
============================================================================
======================= nom_tt_025C_1v80 Corner ===================================

Group                    Internal    Switching      Leakage        Total
                            Power        Power        Power        Power (Watts)
------------------------------------------------------------------------
Sequential           1.635580e-04 9.702675e-05 1.394315e-09 2.605862e-04  12.4%
Combinational        8.540192e-04 9.027118e-04 7.894604e-09 1.756739e-03  83.4%
Clock                4.822244e-05 4.091076e-05 7.205497e-10 8.913392e-05   4.2%
Macro                0.000000e+00 0.000000e+00 0.000000e+00 0.000000e+00   0.0%
Pad                  0.000000e+00 0.000000e+00 0.000000e+00 0.000000e+00   0.0%
------------------------------------------------------------------------
Total                1.065800e-03 1.040650e-03 1.000952e-08 2.106460e-03 100.0%
                            50.6%        49.4%         0.0%
Writing metric power__internal__total: 0.001065799850039184
Writing metric power__switching__total: 0.0010406498331576586
Writing metric power__leakage__total: 1.0009522100062895e-8
Writing metric power__total: 0.002106459578499198

