140. Printing statistics.

=== viterbi_top ===

   Number of wires:               2713
   Number of wire bits:           3234
   Number of public wires:          45
   Number of public wire bits:     462
   Number of ports:                 18
   Number of port bits:            362
   Number of memories:               0
   Number of memory bits:            0
   Number of processes:              0
   Number of cells:               2841
     $_ANDNOT_                    1044
     $_AND_                         39
     $_DFFE_PN0P_                  113
     $_DFF_PN0_                      3
     $_DFF_PN1_                      1
     $_MUX_                        212
     $_NAND_                       172
     $_NOR_                        177
     $_NOT_                        202
     $_ORNOT_                      172
     $_OR_                         180
     $_XNOR_                       227
     $_XOR_                        299

   Area for cell type $_NOT_ is unknown!
   Area for cell type $_AND_ is unknown!
   Area for cell type $_NAND_ is unknown!
   Area for cell type $_OR_ is unknown!
   Area for cell type $_NOR_ is unknown!
   Area for cell type $_XOR_ is unknown!
   Area for cell type $_XNOR_ is unknown!
   Area for cell type $_ANDNOT_ is unknown!
   Area for cell type $_ORNOT_ is unknown!
   Area for cell type $_MUX_ is unknown!
   Area for cell type $_DFF_PN0_ is unknown!
   Area for cell type $_DFF_PN1_ is unknown!
   Area for cell type $_DFFE_PN0P_ is unknown!

