
===========================================================================
 report_power
============================================================================
======================= nom_tt_025C_1v80 Corner ===================================

Group                    Internal    Switching      Leakage        Total
                            Power        Power        Power        Power (Watts)
------------------------------------------------------------------------
Sequential           1.555662e-04 1.164972e-04 1.319998e-09 2.720647e-04  11.4%
Combinational        1.103482e-03 1.017485e-03 7.770840e-09 2.120975e-03  88.6%
Clock                0.000000e+00 0.000000e+00 5.184063e-10 5.184063e-10   0.0%
Macro                0.000000e+00 0.000000e+00 0.000000e+00 0.000000e+00   0.0%
Pad                  0.000000e+00 0.000000e+00 0.000000e+00 0.000000e+00   0.0%
------------------------------------------------------------------------
Total                1.259048e-03 1.133983e-03 9.609249e-09 2.393041e-03 100.0%
                            52.6%        47.4%         0.0%
Writing metric power__internal__total: 0.0012590482365339994
Writing metric power__switching__total: 0.0011339826742187142
Writing metric power__leakage__total: 9.60924850801348e-9
Writing metric power__total: 0.0023930405732244253

