
===========================================================================
 report_power
============================================================================
======================= nom_ss_100C_1v60 Corner ===================================

Group                    Internal    Switching      Leakage        Total
                            Power        Power        Power        Power (Watts)
------------------------------------------------------------------------
Sequential           1.232453e-04 6.150099e-05 2.267363e-06 1.870136e-04  10.8%
Combinational        8.944272e-04 6.467635e-04 1.059620e-05 1.551787e-03  89.2%
Clock                0.000000e+00 0.000000e+00 0.000000e+00 0.000000e+00   0.0%
Macro                0.000000e+00 0.000000e+00 0.000000e+00 0.000000e+00   0.0%
Pad                  0.000000e+00 0.000000e+00 0.000000e+00 0.000000e+00   0.0%
------------------------------------------------------------------------
Total                1.017672e-03 7.082640e-04 1.286358e-05 1.738800e-03 100.0%
                            58.5%        40.7%         0.7%

