
===========================================================================
 report_power
============================================================================
======================= nom_ss_100C_1v60 Corner ===================================

Group                    Internal    Switching      Leakage        Total
                            Power        Power        Power        Power (Watts)
------------------------------------------------------------------------
Sequential           1.230768e-04 6.319598e-05 2.266844e-06 1.885396e-04  10.9%
Combinational        9.109503e-04 6.225261e-04 1.079276e-05 1.544269e-03  89.1%
Clock                0.000000e+00 0.000000e+00 0.000000e+00 0.000000e+00   0.0%
Macro                0.000000e+00 0.000000e+00 0.000000e+00 0.000000e+00   0.0%
Pad                  0.000000e+00 0.000000e+00 0.000000e+00 0.000000e+00   0.0%
------------------------------------------------------------------------
Total                1.034026e-03 6.857221e-04 1.305960e-05 1.732808e-03 100.0%
                            59.7%        39.6%         0.8%

